[UNCAUGHT] listen EADDRINUSE: address already in use :::3001
[4/17/2026, 9:06:31 PM EDT] PlayIQ server running on http://localhost:3001
[UNCAUGHT] listen EADDRINUSE: address already in use :::3001
[4/18/2026, 12:55:14 PM EDT] PlayIQ server running on http://localhost:3001
[UNCAUGHT] listen EADDRINUSE: address already in use :::3001
[UNCAUGHT] listen EADDRINUSE: address already in use :::3001
[4/19/2026, 10:11:08 PM EDT] PlayIQ server running on http://localhost:3001
[UNCAUGHT] listen EADDRINUSE: address already in use :::3001
[UNCAUGHT] listen EADDRINUSE: address already in use :::3001
[UNCAUGHT] listen EADDRINUSE: address already in use :::3001
[UNCAUGHT] listen EADDRINUSE: address already in use :::3001
[UNCAUGHT] listen EADDRINUSE: address already in use :::3001
[UNCAUGHT] listen EADDRINUSE: address already in use :::3001
[UNCAUGHT] listen EADDRINUSE: address already in use :::3001
[UNCAUGHT] listen EADDRINUSE: address already in use :::3001
[4/19/2026, 10:12:59 PM EDT] PlayIQ server running on http://localhost:3001
[4/19/2026, 10:22:03 PM EDT] PlayIQ server running on http://localhost:3001
[4/20/2026, 11:18:06 AM EDT] PlayIQ server running on http://localhost:3001
[4/20/2026, 5:12:16 PM EDT] PlayIQ server running on http://localhost:3001
[4/20/2026, 5:16:44 PM EDT] PlayIQ server running on http://localhost:3001
[4/21/2026, 10:40:09 AM EDT] PlayIQ server running on http://localhost:3001
[4/22/2026, 12:11:41 PM EDT] PlayIQ server running on http://localhost:3001
[4/22/2026, 3:39:47 PM EDT] PlayIQ server running on http://localhost:3001
[4/23/2026, 10:17:23 AM EDT] PlayIQ server running on http://localhost:3001
[4/24/2026, 10:14:09 AM EDT] PlayIQ server running on http://localhost:3001
[4/27/2026, 9:51:48 AM EDT] PlayIQ server running on http://localhost:3001
[4/27/2026, 6:39:00 PM EDT] PlayIQ server running on http://localhost:3001
[4/29/2026, 8:33:08 AM EDT] PlayIQ server running on http://localhost:3001
[4/30/2026, 9:13:58 AM EDT] PlayIQ server running on http://localhost:3001
[4/30/2026, 9:30:37 AM EDT] PlayIQ server running on http://localhost:3001
[5/1/2026, 9:20:20 AM EDT] PlayIQ server running on http://localhost:3001
[5/2/2026, 2:50:04 PM EDT] PlayIQ server running on http://localhost:3001
[5/6/2026, 10:48:52 PM EDT] PlayIQ server running on http://localhost:3001
[5/6/2026, 11:25:58 PM EDT] PlayIQ server running on http://localhost:3001
[nba/positional-defense] season=2025-26 reuse=null processed=0 new=1369
[5/6/2026, 11:29:45 PM EDT] PlayIQ server running on http://localhost:3001
[nba/positional-defense] season=2025-26 reuse=false processed=0 new=1292
[5/6/2026, 11:33:12 PM EDT] PlayIQ server running on http://localhost:3001
[nba/positional-defense] season=2025-26 reuse=false processed=0 new=1292
[5/6/2026, 11:37:47 PM EDT] PlayIQ server running on http://localhost:3001
[nba/positional-defense] season=2025-26 reuse=false processed=0 new=1292
[5/7/2026, 12:05:02 AM EDT] PlayIQ server running on http://localhost:3001
[nba/positional-defense] season=2025-26 reuse=false processed=0 new=1292
